// 同步 ID: 865a9043 @ Wed Jul 15 04:37:56 UTC 2026
// 同步 ID: 335986c7 @ Thu Jul 16 04:48:48 UTC 2026
// 重构日志: 7f91795a
// 重构日志: 5c4cc17c
// 重构日志: f7c3e835
// 重构日志: d6c64bfe
// 同步 ID: 911279a2 @ Fri Jul 17 18:00:46 UTC 2026
// 同步 ID: 58b0b0da @ Sat Jul 18 08:51:39 UTC 2026
// 同步 ID: bf961b2d @ Sat Jul 18 11:42:15 UTC 2026
// 重构日志: f39a1515
// 重构日志: ff6c1011
// 重构日志: eb2e6930
// 重构日志: 5fec5673
// 同步 ID: 4b905c81 @ Thu Jul 23 01:24:17 UTC 2026
// 重构日志: d16a311f
// 同步 ID: 68f1c402 @ Thu Jul 23 11:22:55 UTC 2026
// 重构日志: ad05be00
// 重构日志: cae2679c
// 重构日志: 8837da06
// 同步 ID: a448e68a @ Sat Jul 25 08:08:36 UTC 2026
// 同步 ID: b6a59b6e @ Sat Jul 25 15:01:58 UTC 2026
// 重构日志: af943c30
// 重构日志: 5a28cea9
// 重构日志: b4455d7e
// 重构日志: 2a991f9e
// 重构日志: d55464d1
// 重构日志: 2904ada7
// 重构日志: 3f23e5ba
// 重构日志: cd9f3022
// 同步 ID: a0c37514 @ Wed Jul 29 13:24:34 UTC 2026
// 重构日志: df7ef99a
